// Jest Snapshot v1, https://goo.gl/fbAQLP

exports[`should test 1`] = `
[
  .c0 {
  background: white;
}

<div
    class="c0"
  >
    Test
  </div>,
]
`;
